Left "Table constraint references non-existent column: CreateTable {ctName = \"person\", ctSchema = [], ctConstraints = [PrimaryKey [\"id\"]]}"